// Jest Snapshot v1, https://goo.gl/fbAQLP

exports[`Remote Explorer Layout renders should match snapshot 1`] = `
<div
  className="d-none d-md-block row"
  data-test="remoteExplorerLayout"
>
  <Col
    className="mb-3"
    lg={12}
    sm={12}
    tag="div"
    widths={
      Array [
        "xs",
        "sm",
        "md",
        "lg",
        "xl",
      ]
    }
  >
    <span
      className="text-choose-layout"
    >
      Choose Layout: 
        
    </span>
    <Button
      className="ml-2 layout-change-button"
      color="primary"
      onClick={[Function]}
      tag="button"
    >
      <img
        alt="Single Vertical Pane"
        src="single-pane.png"
        style={
          Object {
            "height": 24,
          }
        }
      />
    </Button>
    <Button
      className="ml-2 layout-change-button"
      color="primary"
      onClick={[Function]}
      tag="button"
    >
      <img
        alt="Double Vertical Pane"
        src="double-pane1.png"
        style={
          Object {
            "height": 24,
          }
        }
      />
    </Button>
    <Button
      className="ml-2 layout-change-button"
      color="primary"
      onClick={[Function]}
      tag="button"
    >
      <img
        alt="Triple Vertical Pane"
        src="triple-pane.png"
        style={
          Object {
            "height": 24,
          }
        }
      />
    </Button>
    <Button
      className="ml-2"
      color="success"
      onClick={[Function]}
      tag="button"
    >
      <i
        className="fa fa-arrows"
      />
       Full Screen
    </Button>
  </Col>
</div>
`;
