// Jest Snapshot v1, https://goo.gl/fbAQLP

exports[`New Drive Auth Modal renders should match snapshot 1`] = `
<Modal
  autoFocus={true}
  backdrop={true}
  backdropTransition={
    Object {
      "mountOnEnter": true,
      "timeout": 150,
    }
  }
  centered={false}
  container="body"
  fade={true}
  isOpen={true}
  keyboard={true}
  modalTransition={
    Object {
      "timeout": 300,
    }
  }
  onClosed={[Function]}
  onOpened={[Function]}
  returnFocusAfterClose={true}
  role="dialog"
  scrollable={false}
  toggle={[Function]}
  unmountOnClose={true}
  zIndex={1050}
>
  <ModalHeader
    charCode={215}
    closeAriaLabel="Close"
    data-test="modalHeader"
    tag="h5"
    toggle={[Function]}
    wrapTag="div"
  >
    Configuring your drive.
  </ModalHeader>
  <ModalBody
    data-test="modalBody"
    tag="div"
  >
    A page will open for you with the authentication for your drive. This modal will automatically dismiss upon successful creation
  </ModalBody>
  <ModalFooter
    data-test="modalFooter"
    tag="div"
  >
    <Button
      color="primary"
      onClick={[Function]}
      tag="button"
    >
      Done
    </Button>
     
  </ModalFooter>
</Modal>
`;
