// Jest Snapshot v1, https://goo.gl/fbAQLP

exports[`Config Row renders should match snapshot 1`] = `
<tr
  data-test="configRowComponent"
>
  <th
    scope="row"
  >
    1
  </th>
  <td>
    local
  </td>
  <td>
    drive
  </td>
  <td>
    <Button
      className="bg-info mr-2"
      color="secondary"
      onClick={[Function]}
      tag="button"
    >
      Update
    </Button>
    <Button
      className="bg-danger"
      color="secondary"
      onClick={[Function]}
      tag="button"
    >
      Delete
    </Button>
  </td>
</tr>
`;
