// Jest Snapshot v1, https://goo.gl/fbAQLP

exports[`Show Config renders should match snapshot 1`] = `
<div
  data-test="showConfigComponent"
>
  <Row
    tag="div"
  >
    <Col
      lg={8}
      tag="div"
      widths={
        Array [
          "xs",
          "sm",
          "md",
          "lg",
          "xl",
        ]
      }
    />
    <Col
      className="mb-3"
      lg={4}
      tag="div"
      widths={
        Array [
          "xs",
          "sm",
          "md",
          "lg",
          "xl",
        ]
      }
    >
      <Button
        className="float-right"
        color="primary"
        onClick={[Function]}
        tag="button"
      >
        New Config
      </Button>
    </Col>
  </Row>
  <Table
    responsive={true}
    responsiveTag="div"
    tag="table"
  >
    <thead>
      <tr>
        <th>
          No.
        </th>
        <th>
          Name
        </th>
        <th>
          Type
        </th>
        <th>
          Update
        </th>
        <th>
          Delete
        </th>
      </tr>
    </thead>
    <tbody>
      <RemoteRows
        refreshHandle={[Function]}
        remotes={
          Object {
            "eventsfunk": Object {},
          }
        }
      />
    </tbody>
  </Table>
</div>
`;
