// Jest Snapshot v1, https://goo.gl/fbAQLP

exports[`New Drive Auth Modal renders should match snapshot 1`] = `<ErrorBoundary />`;
