// Jest Snapshot v1, https://goo.gl/fbAQLP

exports[`Files Component renders should match snapshot 1`] = `
<ContextConsumer>
  <Component />
</ContextConsumer>
`;
