// Jest Snapshot v1, https://goo.gl/fbAQLP

exports[`File Operations renders should match snapshot 1`] = `
<div
  className="pl-0 mt-3 mb-1 d-flex justify-content-between align-items-center"
  style={
    Object {
      "marginLeft": "-15px",
      "marginRight": "-15px",
    }
  }
>
  <div
    className="d-flex flex-nowrap"
  >
    <Button
      className="mr-1 btn-explorer-action"
      color="light"
      onClick={[Function]}
      tag="button"
    >
      <i
        className="fa fa-lg fa-arrow-left"
      />
    </Button>
    <Button
      className="mr-1 btn-explorer-action"
      color="light"
      onClick={[Function]}
      tag="button"
    >
      <i
        className="fa fa-lg fa-arrow-right"
      />
    </Button>
    <Button
      className="mr-1 btn-explorer-action"
      color="secondary"
      id="RefreshButton"
      onClick={[Function]}
      tag="button"
    >
      <i
        className="fa fa-lg fa-repeat"
      />
    </Button>
    <UncontrolledTooltip
      placement="right"
      target="RefreshButton"
    >
      Refresh Files
    </UncontrolledTooltip>
  </div>
  <div
    className="flex-grow-1 pl-1 pr-1 pr-lg-3 pl-lg-3"
  >
    <Form
      className="h-100"
      inline={true}
      onSubmit={[Function]}
      tag="form"
    >
      <Input
        onBlur={[Function]}
        onChange={[Function]}
        onFocus={[Function]}
        style={
          Object {
            "width": "100%",
          }
        }
        type="text"
        value="local:/"
      />
      <Button
        className="d-none"
        color="link"
        style={
          Object {
            "marginLeft": "-45px",
          }
        }
        tag="button"
        type="submit"
      >
        <i
          className="fa fa-arrow-right"
        />
      </Button>
    </Form>
  </div>
  <div
    className="d-flex flex-wrap"
  >
    <Button
      className="mr-1 btn-explorer-action p-1"
      color="secondary"
      id="CreateFolderButton"
      onClick={[Function]}
      tag="button"
    >
      <img
        alt="New Folder"
        className="fa fa-lg"
        src="new-folder.png"
      />
       
    </Button>
    <UncontrolledTooltip
      placement="bottom"
      target="CreateFolderButton"
    >
      Create a new Folder
    </UncontrolledTooltip>
    <ButtonDropdown
      direction="down"
      id="FilterButton"
      isOpen={false}
      toggle={[Function]}
    >
      <DropdownToggle
        aria-haspopup={true}
        className="btn-explorer-action"
        color="secondary"
      >
        <i
          className="fa fa-lg fa-filter"
        />
      </DropdownToggle>
      <DropdownMenu
        flip={true}
        tag="div"
      >
        <DropdownItem
          key="None"
          onClick={[Function]}
          tag="button"
          toggle={true}
          value=""
        >
          None
        </DropdownItem>
        <DropdownItem
          key="Images"
          onClick={[Function]}
          tag="button"
          toggle={true}
          value="Images"
        >
          Images
        </DropdownItem>
        <DropdownItem
          key="Pdf"
          onClick={[Function]}
          tag="button"
          toggle={true}
          value="Pdf"
        >
          Pdf
        </DropdownItem>
        <DropdownItem
          key="Videos"
          onClick={[Function]}
          tag="button"
          toggle={true}
          value="Videos"
        >
          Videos
        </DropdownItem>
      </DropdownMenu>
    </ButtonDropdown>
    <Button
      className="btn-explorer-action"
      color="secondary"
      id="ListViewButton"
      onClick={[Function]}
      tag="button"
    >
      <i
        className="fa fa-lg fa-th-large"
      />
    </Button>
    <UncontrolledTooltip
      placement="right"
      target="ListViewButton"
    >
      Card View
    </UncontrolledTooltip>
    <Button
      className="btn-explorer-action"
      color="secondary"
      id="InfoButton"
      onClick={[Function]}
      tag="button"
    >
      <i
        className="fa fa-lg fa-info"
      />
    </Button>
    <UncontrolledTooltip
      placement="right"
      target="InfoButton"
    >
      Show Remote Info
    </UncontrolledTooltip>
    <Form
      inline={true}
      tag="form"
    >
      <FormGroup
        tag="div"
      >
        <Button
          className="mr-1 btn-explorer-action"
          color=""
          onClick={[Function]}
          tag="button"
        >
          <i
            className="fa fa-lg fa-search"
          />
        </Button>
      </FormGroup>
    </Form>
    <Connect(NewFolder)
      closeModal={[Function]}
      containerID="0"
      isVisible={false}
    />
    <Modal
      autoFocus={true}
      backdrop={true}
      backdropTransition={
        Object {
          "mountOnEnter": true,
          "timeout": 150,
        }
      }
      centered={false}
      container="body"
      fade={true}
      isOpen={false}
      keyboard={true}
      modalTransition={
        Object {
          "timeout": 300,
        }
      }
      onClosed={[Function]}
      onOpened={[Function]}
      returnFocusAfterClose={true}
      role="dialog"
      scrollable={false}
      toggle={[Function]}
      unmountOnClose={true}
      zIndex={1050}
    >
      <ModalHeader
        charCode={215}
        closeAriaLabel="Close"
        tag="h5"
        wrapTag="div"
      >
        Status for 
        local
      </ModalHeader>
      <ModalBody
        tag="div"
      >
        <Row
          tag="div"
          widths={
            Array [
              "xs",
              "sm",
              "md",
              "lg",
              "xl",
            ]
          }
        >
          <Col
            sm={12}
            tag="div"
            widths={
              Array [
                "xs",
                "sm",
                "md",
                "lg",
                "xl",
              ]
            }
          >
            <div
              className="chart-wrapper"
            >
              <p>
                Space Usage (in GB)
              </p>
              <Spinner
                color="primary"
                tag="div"
                type="border"
              >
                Loading...
              </Spinner>
              Loading
            </div>
          </Col>
        </Row>
        <Row
          tag="div"
          widths={
            Array [
              "xs",
              "sm",
              "md",
              "lg",
              "xl",
            ]
          }
        >
          <Col
            sm={12}
            tag="div"
            widths={
              Array [
                "xs",
                "sm",
                "md",
                "lg",
                "xl",
              ]
            }
          >
            <Button
              color="danger"
              onClick={[Function]}
              tag="button"
            >
              Clean Trash 
              <i
                className="fa fa-lg fa-trash"
              />
            </Button>
          </Col>
        </Row>
      </ModalBody>
      <ModalFooter
        tag="div"
      />
    </Modal>
  </div>
</div>
`;
