// Jest Snapshot v1, https://goo.gl/fbAQLP

exports[`RClone Backend Component renders should match snapshot 1`] = `
<div
  data-test="backendComponent"
>
  <Row
    tag="div"
  >
    <RCloneVersion
      data={Object {}}
      hasError={false}
    />
  </Row>
</div>
`;
