// Jest Snapshot v1, https://goo.gl/fbAQLP

exports[`New Folder renders should match snapshot 1`] = `
<Modal
  autoFocus={true}
  backdrop={true}
  backdropTransition={
    Object {
      "mountOnEnter": true,
      "timeout": 150,
    }
  }
  centered={false}
  data-test="newFolderComponent"
  fade={true}
  isOpen={true}
  keyboard={true}
  modalTransition={
    Object {
      "timeout": 300,
    }
  }
  onClosed={[Function]}
  onOpened={[Function]}
  role="dialog"
  toggle={[Function]}
  zIndex={1050}
>
  <Form
    onSubmit={[Function]}
    tag="form"
  >
    <ModalHeader
      charCode={215}
      closeAriaLabel="Close"
      tag="h5"
      toggle={[Function]}
      wrapTag="div"
    >
      Create New folder at 
      mydrive
      : 
    </ModalHeader>
    <ModalBody
      tag="div"
    >
      <FormGroup
        row={true}
        tag="div"
      >
        <Label
          for="folderName"
          sm={5}
          tag="label"
          widths={
            Array [
              "xs",
              "sm",
              "md",
              "lg",
              "xl",
            ]
          }
        >
          Enter the name
        </Label>
        <Col
          sm={7}
          tag="div"
          widths={
            Array [
              "xs",
              "sm",
              "md",
              "lg",
              "xl",
            ]
          }
        >
          <Input
            autoFocus={true}
            id="folderName"
            name="folderName"
            onChange={[Function]}
            required={true}
            type="text"
            value=""
          />
        </Col>
      </FormGroup>
      <div
        className="clearfix"
      >
        <Button
          className="float-right"
          color="success"
          disabled={false}
          tag="button"
          type="submit"
        >
          <i
            className="fa fa-check fa-lg"
          />
          Create folder
        </Button>
      </div>
    </ModalBody>
  </Form>
</Modal>
`;
